Using the return value of `set`:

 2 |   x.set('foo', 0);
 3 |   x.set('foo', 0).set('bar', 1).set('baz', 2);
   |   ^^^^^^^^^^^^^^^^^^^^^^^^^^^^^
 4 |   var y = x.set('foo', 0);

Using the return value of `set`:

 2 |   x.set('foo', 0);
 3 |   x.set('foo', 0).set('bar', 1).set('baz', 2);
   |   ^^^^^^^^^^^^^^^
 4 |   var y = x.set('foo', 0);

Using the return value of `set`:

 3 |   x.set('foo', 0).set('bar', 1).set('baz', 2);
 4 |   var y = x.set('foo', 0);
   |           ^^^^^^^^^^^^^^^
 5 |   for (;x.set('foo', 0);) {};

Using the return value of `set`:

 4 |   var y = x.set('foo', 0);
 5 |   for (;x.set('foo', 0);) {};
   |         ^^^^^^^^^^^^^^^
 6 |   return x.set('foo', 0);

Using the return value of `set`:

 5 |   for (;x.set('foo', 0);) {};
 6 |   return x.set('foo', 0);
   |          ^^^^^^^^^^^^^^^
 7 | }
